#0 building with "desktop-linux" instance using docker driver

#1 [internal] load build definition from Dockerfile
#1 transferring dockerfile: 136B done
#1 DONE 0.0s

#2 resolve image config for docker-image://docker.io/docker/dockerfile:1
#2 DONE 1.0s

#3 docker-image://docker.io/docker/dockerfile:1@sha256:ecfaec9ed6d810b56388c508f4121597bfbba70d41a6dfeee4d8cad5f295fc32
#3 resolve docker.io/docker/dockerfile:1@sha256:ecfaec9ed6d810b56388c508f4121597bfbba70d41a6dfeee4d8cad5f295fc32 done
#3 CACHED

#4 [internal] load metadata for docker.io/library/alpine:3.22
#4 DONE 0.7s

#5 [internal] load .dockerignore
#5 transferring context: 76B done
#5 DONE 0.0s

#6 [internal] load build context
#6 transferring context: 174B done
#6 DONE 0.0s

#7 [1/3] FROM docker.io/library/alpine:3.22@sha256:14358309a308569c32bdc37e2e0e9694be33a9d99e68afb0f5ff33cc1f695dce
#7 resolve docker.io/library/alpine:3.22@sha256:14358309a308569c32bdc37e2e0e9694be33a9d99e68afb0f5ff33cc1f695dce done
#7 DONE 0.0s

#8 [2/3] WORKDIR /app
#8 CACHED

#9 [3/3] COPY . .
#9 DONE 0.0s

#10 exporting to image
#10 exporting layers 0.0s done
#10 exporting manifest sha256:a2eb96ae3d8447bca4e989644991449d8d7560bca2ac12b0920dcf506d28bdf5 done
#10 exporting config sha256:394aae40e971a466fa9a4e31ba9000d89a8b295d93ce23878d507bfb8ab879f3 done
#10 exporting attestation manifest sha256:63fe19e6a5f1d4fdebf670f9eb3c1e76a50336c121c4f150419737e00739c666 done
#10 exporting manifest list sha256:a71fffb6f07b030629405f736bf70451068eb5bf4058bda53cf1fafc6324cfde done
#10 naming to docker.io/library/context-lab:after done
#10 unpacking to docker.io/library/context-lab:after done
#10 DONE 0.0s

View build details: docker-desktop://dashboard/build/desktop-linux/desktop-linux/lfzjw5f7dxgtfnsn6pa41jy6j
