#0 building with "desktop-linux" instance using docker driver

#1 [internal] load build definition from Dockerfile
#1 transferring dockerfile: 136B done
#1 DONE 0.0s

#2 resolve image config for docker-image://docker.io/docker/dockerfile:1
#2 DONE 4.4s

#3 docker-image://docker.io/docker/dockerfile:1@sha256:ecfaec9ed6d810b56388c508f4121597bfbba70d41a6dfeee4d8cad5f295fc32
#3 resolve docker.io/docker/dockerfile:1@sha256:ecfaec9ed6d810b56388c508f4121597bfbba70d41a6dfeee4d8cad5f295fc32 0.0s done
#3 CACHED

#4 [internal] load metadata for docker.io/library/alpine:3.22
#4 DONE 1.4s

#5 [internal] load .dockerignore
#5 transferring context: 34B done
#5 DONE 0.0s

#6 [internal] load build context
#6 transferring context: 2.10MB 0.0s done
#6 DONE 0.0s

#7 [1/3] FROM docker.io/library/alpine:3.22@sha256:14358309a308569c32bdc37e2e0e9694be33a9d99e68afb0f5ff33cc1f695dce
#7 resolve docker.io/library/alpine:3.22@sha256:14358309a308569c32bdc37e2e0e9694be33a9d99e68afb0f5ff33cc1f695dce done
#7 sha256:738128faa30f570583b0e57efd831e0e6a2a9aacf1be88c8f4c1ef8a5b7033cc 0B / 4.12MB 0.2s
#7 sha256:738128faa30f570583b0e57efd831e0e6a2a9aacf1be88c8f4c1ef8a5b7033cc 4.12MB / 4.12MB 0.4s done
#7 extracting sha256:738128faa30f570583b0e57efd831e0e6a2a9aacf1be88c8f4c1ef8a5b7033cc 0.1s done
#7 DONE 0.5s

#8 [2/3] WORKDIR /app
#8 DONE 0.0s

#9 [3/3] COPY . .
#9 DONE 0.0s

#10 exporting to image
#10 exporting layers 0.0s done
#10 exporting manifest sha256:1a2620ce37ba179dcbacfdeceb5cdc358f2e1ed2fcedb4485f59989537d6ed2c done
#10 exporting config sha256:c9ab8be5c948af07c24ca37669651d5e1f3adc7801bd3e3d3d4f3161d37ee54d done
#10 exporting attestation manifest sha256:b67616dc71c19c15b849333a0bd01da56fba611646895b555b9b56bdc8a3a6e9 done
#10 exporting manifest list sha256:553bc79e122de1a96f8c8aaa53c42b82b8e310b2d7cdac8ea2039a91276da26f done
#10 naming to docker.io/library/context-lab:before done
#10 unpacking to docker.io/library/context-lab:before 0.0s done
#10 DONE 0.1s

View build details: docker-desktop://dashboard/build/desktop-linux/desktop-linux/et412fmgy2g88ma1zf6j6sxzo
